
> care-collective-preview@0.1.0 prebuild
> node scripts/update-sw-version.js

📦 Updating service worker cache version...
   Old pattern: const CACHE_VERSION = 'YYYY-MM-DD-XXX'
   New version: 2025-10-25-264
✅ Service worker cache version updated to: 2025-10-25-264


> care-collective-preview@0.1.0 build
> next build

  ▲ Next.js 14.2.32
  - Environments: .env.local, .env.production

   Creating an optimized production build ...
